../Core/app/canio.h:126:2:maxssau::CanIO::CanIO(uint32_t, uint32_t, uint32_t, uint32_t, maxssau::CanIO_Array<unsigned char>*, maxssau::CanIO_Array<unsigned char>*, void (*)(uint8_t, uint8_t, uint8_t*), void (*)(uint16_t, uint16_t, uint32_t))	48	static
../Core/app/canio.h:139:7:bool maxssau::CanIO::init(uint32_t, uint32_t, uint32_t, uint32_t, maxssau::CanIO_Array<unsigned char>*, maxssau::CanIO_Array<unsigned char>*, void (*)(uint8_t, uint8_t, uint8_t*), void (*)(uint16_t, uint16_t, uint32_t))	32	static
../Core/app/app.cpp:32:6:void SendCanMessage(uint8_t, uint8_t, uint8_t*)	16	static
../Core/app/app.cpp:37:6:void CANIOParseAnswer(uint16_t, uint16_t, uint32_t)	16	static
../Core/app/app.cpp:42:6:void app()	4	static
../Core/app/canio.h:76:2:maxssau::CanIO_Array<ClassType>::CanIO_Array(ClassType*, uint32_t) [with ClassType = unsigned char]	24	static
../Core/app/app.cpp:46:1:void __static_initialization_and_destruction_0()	32	static
../Core/app/app.cpp:46:1:cpp)	8	static
