Archive member included to satisfy reference by file (symbol)

C:/ST/STM32CubeIDE_1.19.0/STM32CubeIDE/plugins/com.st.stm32cube.ide.mcu.externaltools.gnu-tools-for-stm32.13.3.rel1.win32_1.0.0.202411081344/tools/bin/../lib/gcc/arm-none-eabi/13.3.1/../../../../arm-none-eabi/lib/thumb/v7-m/nofp\libc_nano.a(libc_a-exit.o)
                              C:/ST/STM32CubeIDE_1.19.0/STM32CubeIDE/plugins/com.st.stm32cube.ide.mcu.externaltools.gnu-tools-for-stm32.13.3.rel1.win32_1.0.0.202411081344/tools/bin/../lib/gcc/arm-none-eabi/13.3.1/../../../../arm-none-eabi/lib/thumb/v7-m/nofp/crt0.o (exit)
C:/ST/STM32CubeIDE_1.19.0/STM32CubeIDE/plugins/com.st.stm32cube.ide.mcu.externaltools.gnu-tools-for-stm32.13.3.rel1.win32_1.0.0.202411081344/tools/bin/../lib/gcc/arm-none-eabi/13.3.1/../../../../arm-none-eabi/lib/thumb/v7-m/nofp\libc_nano.a(libc_a-findfp.o)
                              C:/ST/STM32CubeIDE_1.19.0/STM32CubeIDE/plugins/com.st.stm32cube.ide.mcu.externaltools.gnu-tools-for-stm32.13.3.rel1.win32_1.0.0.202411081344/tools/bin/../lib/gcc/arm-none-eabi/13.3.1/../../../../arm-none-eabi/lib/thumb/v7-m/nofp\libc_nano.a(libc_a-exit.o) (__stdio_exit_handler)
C:/ST/STM32CubeIDE_1.19.0/STM32CubeIDE/plugins/com.st.stm32cube.ide.mcu.externaltools.gnu-tools-for-stm32.13.3.rel1.win32_1.0.0.202411081344/tools/bin/../lib/gcc/arm-none-eabi/13.3.1/../../../../arm-none-eabi/lib/thumb/v7-m/nofp\libc_nano.a(libc_a-fwalk.o)
                              C:/ST/STM32CubeIDE_1.19.0/STM32CubeIDE/plugins/com.st.stm32cube.ide.mcu.externaltools.gnu-tools-for-stm32.13.3.rel1.win32_1.0.0.202411081344/tools/bin/../lib/gcc/arm-none-eabi/13.3.1/../../../../arm-none-eabi/lib/thumb/v7-m/nofp\libc_nano.a(libc_a-findfp.o) (_fwalk_sglue)
C:/ST/STM32CubeIDE_1.19.0/STM32CubeIDE/plugins/com.st.stm32cube.ide.mcu.externaltools.gnu-tools-for-stm32.13.3.rel1.win32_1.0.0.202411081344/tools/bin/../lib/gcc/arm-none-eabi/13.3.1/../../../../arm-none-eabi/lib/thumb/v7-m/nofp\libc_nano.a(libc_a-stdio.o)
                              C:/ST/STM32CubeIDE_1.19.0/STM32CubeIDE/plugins/com.st.stm32cube.ide.mcu.externaltools.gnu-tools-for-stm32.13.3.rel1.win32_1.0.0.202411081344/tools/bin/../lib/gcc/arm-none-eabi/13.3.1/../../../../arm-none-eabi/lib/thumb/v7-m/nofp\libc_nano.a(libc_a-findfp.o) (__sread)
C:/ST/STM32CubeIDE_1.19.0/STM32CubeIDE/plugins/com.st.stm32cube.ide.mcu.externaltools.gnu-tools-for-stm32.13.3.rel1.win32_1.0.0.202411081344/tools/bin/../lib/gcc/arm-none-eabi/13.3.1/../../../../arm-none-eabi/lib/thumb/v7-m/nofp\libc_nano.a(libc_a-memset.o)
                              C:/ST/STM32CubeIDE_1.19.0/STM32CubeIDE/plugins/com.st.stm32cube.ide.mcu.externaltools.gnu-tools-for-stm32.13.3.rel1.win32_1.0.0.202411081344/tools/bin/../lib/gcc/arm-none-eabi/13.3.1/../../../../arm-none-eabi/lib/thumb/v7-m/nofp/crt0.o (memset)
C:/ST/STM32CubeIDE_1.19.0/STM32CubeIDE/plugins/com.st.stm32cube.ide.mcu.externaltools.gnu-tools-for-stm32.13.3.rel1.win32_1.0.0.202411081344/tools/bin/../lib/gcc/arm-none-eabi/13.3.1/../../../../arm-none-eabi/lib/thumb/v7-m/nofp\libc_nano.a(libc_a-closer.o)
                              C:/ST/STM32CubeIDE_1.19.0/STM32CubeIDE/plugins/com.st.stm32cube.ide.mcu.externaltools.gnu-tools-for-stm32.13.3.rel1.win32_1.0.0.202411081344/tools/bin/../lib/gcc/arm-none-eabi/13.3.1/../../../../arm-none-eabi/lib/thumb/v7-m/nofp\libc_nano.a(libc_a-stdio.o) (_close_r)
C:/ST/STM32CubeIDE_1.19.0/STM32CubeIDE/plugins/com.st.stm32cube.ide.mcu.externaltools.gnu-tools-for-stm32.13.3.rel1.win32_1.0.0.202411081344/tools/bin/../lib/gcc/arm-none-eabi/13.3.1/../../../../arm-none-eabi/lib/thumb/v7-m/nofp\libc_nano.a(libc_a-reent.o)
                              C:/ST/STM32CubeIDE_1.19.0/STM32CubeIDE/plugins/com.st.stm32cube.ide.mcu.externaltools.gnu-tools-for-stm32.13.3.rel1.win32_1.0.0.202411081344/tools/bin/../lib/gcc/arm-none-eabi/13.3.1/../../../../arm-none-eabi/lib/thumb/v7-m/nofp\libc_nano.a(libc_a-closer.o) (errno)
C:/ST/STM32CubeIDE_1.19.0/STM32CubeIDE/plugins/com.st.stm32cube.ide.mcu.externaltools.gnu-tools-for-stm32.13.3.rel1.win32_1.0.0.202411081344/tools/bin/../lib/gcc/arm-none-eabi/13.3.1/../../../../arm-none-eabi/lib/thumb/v7-m/nofp\libc_nano.a(libc_a-impure.o)
                              C:/ST/STM32CubeIDE_1.19.0/STM32CubeIDE/plugins/com.st.stm32cube.ide.mcu.externaltools.gnu-tools-for-stm32.13.3.rel1.win32_1.0.0.202411081344/tools/bin/../lib/gcc/arm-none-eabi/13.3.1/../../../../arm-none-eabi/lib/thumb/v7-m/nofp\libc_nano.a(libc_a-reent.o) (_impure_ptr)
C:/ST/STM32CubeIDE_1.19.0/STM32CubeIDE/plugins/com.st.stm32cube.ide.mcu.externaltools.gnu-tools-for-stm32.13.3.rel1.win32_1.0.0.202411081344/tools/bin/../lib/gcc/arm-none-eabi/13.3.1/../../../../arm-none-eabi/lib/thumb/v7-m/nofp\libc_nano.a(libc_a-lseekr.o)
[...]
Memory Configuration

Name             Origin             Length             Attributes
RAM              0x20000000         0x00010000         xrw
FLASH            0x08000000         0x00040000         xr
*default*        0x00000000         0xffffffff

Linker script and memory map

LOAD C:/ST/STM32CubeIDE_1.19.0/STM32CubeIDE/plugins/com.st.stm32cube.ide.mcu.externaltools.gnu-tools-for-stm32.13.3.rel1.win32_1.0.0.202411081344/tools/bin/../lib/gcc/arm-none-eabi/13.3.1/thumb/v7-m/nofp/crti.o
LOAD C:/ST/STM32CubeIDE_1.19.0/STM32CubeIDE/plugins/com.st.stm32cube.ide.mcu.externaltools.gnu-tools-for-stm32.13.3.rel1.win32_1.0.0.202411081344/tools/bin/../lib/gcc/arm-none-eabi/13.3.1/thumb/v7-m/nofp/crtbegin.o
LOAD C:/ST/STM32CubeIDE_1.19.0/STM32CubeIDE/plugins/com.st.stm32cube.ide.mcu.externaltools.gnu-tools-for-stm32.13.3.rel1.win32_1.0.0.202411081344/tools/bin/../lib/gcc/arm-none-eabi/13.3.1/../../../../arm-none-eabi/lib/thumb/v7-m/nofp/crt0.o
LOAD ./Core/Src/main.o
LOAD ./Core/Src/stm32f1xx_hal_msp.o
LOAD ./Core/Src/stm32f1xx_it.o
LOAD ./Core/Src/syscalls.o
LOAD ./Core/Src/sysmem.o
LOAD ./Core/Src/system_stm32f1xx.o
LOAD ./Core/Startup/startup_stm32f107vctx.o
LOAD ./Core/app/app.o
LOAD ./Core/app/canio.o
LOAD ./Drivers/STM32F1xx_HAL_Driver/Src/stm32f1xx_hal.o
LOAD ./Drivers/STM32F1xx_HAL_Driver/Src/stm32f1xx_hal_can.o
LOAD ./Drivers/STM32F1xx_HAL_Driver/Src/stm32f1xx_hal_cortex.o
LOAD ./Drivers/STM32F1xx_HAL_Driver/Src/stm32f1xx_hal_dma.o
LOAD ./Drivers/STM32F1xx_HAL_Driver/Src/stm32f1xx_hal_exti.o
LOAD ./Drivers/STM32F1xx_HAL_Driver/Src/stm32f1xx_hal_flash.o
LOAD ./Drivers/STM32F1xx_HAL_Driver/Src/stm32f1xx_hal_flash_ex.o
LOAD ./Drivers/STM32F1xx_HAL_Driver/Src/stm32f1xx_hal_gpio.o
LOAD ./Drivers/STM32F1xx_HAL_Driver/Src/stm32f1xx_hal_gpio_ex.o
LOAD ./Drivers/STM32F1xx_HAL_Driver/Src/stm32f1xx_hal_pwr.o
LOAD ./Drivers/STM32F1xx_HAL_Driver/Src/stm32f1xx_hal_rcc.o
LOAD ./Drivers/STM32F1xx_HAL_Driver/Src/stm32f1xx_hal_rcc_ex.o
LOAD ./Drivers/STM32F1xx_HAL_Driver/Src/stm32f1xx_hal_spi.o
START GROUP
LOAD C:/ST/STM32CubeIDE_1.19.0/STM32CubeIDE/plugins/com.st.stm32cube.ide.mcu.externaltools.gnu-tools-for-stm32.13.3.rel1.win32_1.0.0.202411081344/tools/bin/../lib/gcc/arm-none-eabi/13.3.1/../../../../arm-none-eabi/lib/thumb/v7-m/nofp\libstdc++_nano.a
LOAD C:/ST/STM32CubeIDE_1.19.0/STM32CubeIDE/plugins/com.st.stm32cube.ide.mcu.externaltools.gnu-tools-for-stm32.13.3.rel1.win32_1.0.0.202411081344/tools/bin/../lib/gcc/arm-none-eabi/13.3.1/../../../../arm-none-eabi/lib/thumb/v7-m/nofp\libsupc++_nano.a
END GROUP
LOAD C:/ST/STM32CubeIDE_1.19.0/STM32CubeIDE/plugins/com.st.stm32cube.ide.mcu.externaltools.gnu-tools-for-stm32.13.3.rel1.win32_1.0.0.202411081344/tools/bin/../lib/gcc/arm-none-eabi/13.3.1/../../../../arm-none-eabi/lib/thumb/v7-m/nofp\libstdc++_nano.a
LOAD C:/ST/STM32CubeIDE_1.19.0/STM32CubeIDE/plugins/com.st.stm32cube.ide.mcu.externaltools.gnu-tools-for-stm32.13.3.rel1.win32_1.0.0.202411081344/tools/bin/../lib/gcc/arm-none-eabi/13.3.1/../../../../arm-none-eabi/lib/thumb/v7-m/nofp\libm.a
LOAD C:/ST/STM32CubeIDE_1.19.0/STM32CubeIDE/plugins/com.st.stm32cube.ide.mcu.externaltools.gnu-tools-for-stm32.13.3.rel1.win32_1.0.0.202411081344/tools/bin/../lib/gcc/arm-none-eabi/13.3.1/../../../../arm-none-eabi/lib/thumb/v7-m/nofp\libc_nano.a
START GROUP
LOAD C:/ST/STM32CubeIDE_1.19.0/STM32CubeIDE/plugins/com.st.stm32cube.ide.mcu.externaltools.gnu-tools-for-stm32.13.3.rel1.win32_1.0.0.202411081344/tools/bin/../lib/gcc/arm-none-eabi/13.3.1/thumb/v7-m/nofp\libgcc.a
LOAD C:/ST/STM32CubeIDE_1.19.0/STM32CubeIDE/plugins/com.st.stm32cube.ide.mcu.externaltools.gnu-tools-for-stm32.13.3.rel1.win32_1.0.0.202411081344/tools/bin/../lib/gcc/arm-none-eabi/13.3.1/../../../../arm-none-eabi/lib/thumb/v7-m/nofp\libc_nano.a
END GROUP
START GROUP
LOAD C:/ST/STM32CubeIDE_1.19.0/STM32CubeIDE/plugins/com.st.stm32cube.ide.mcu.externaltools.gnu-tools-for-stm32.13.3.rel1.win32_1.0.0.202411081344/tools/bin/../lib/gcc/arm-none-eabi/13.3.1/thumb/v7-m/nofp\libgcc.a
LOAD C:/ST/STM32CubeIDE_1.19.0/STM32CubeIDE/plugins/com.st.stm32cube.ide.mcu.externaltools.gnu-tools-for-stm32.13.3.rel1.win32_1.0.0.202411081344/tools/bin/../lib/gcc/arm-none-eabi/13.3.1/../../../../arm-none-eabi/lib/thumb/v7-m/nofp\libc_nano.a
LOAD C:/ST/STM32CubeIDE_1.19.0/STM32CubeIDE/plugins/com.st.stm32cube.ide.mcu.externaltools.gnu-tools-for-stm32.13.3.rel1.win32_1.0.0.202411081344/tools/bin/../lib/gcc/arm-none-eabi/13.3.1/../../../../arm-none-eabi/lib/thumb/v7-m/nofp\libnosys.a
END GROUP
START GROUP
LOAD C:/ST/STM32CubeIDE_1.19.0/STM32CubeIDE/plugins/com.st.stm32cube.ide.mcu.externaltools.gnu-tools-for-stm32.13.3.rel1.win32_1.0.0.202411081344/tools/bin/../lib/gcc/arm-none-eabi/13.3.1/thumb/v7-m/nofp\libgcc.a
LOAD C:/ST/STM32CubeIDE_1.19.0/STM32CubeIDE/plugins/com.st.stm32cube.ide.mcu.externaltools.gnu-tools-for-stm32.13.3.rel1.win32_1.0.0.202411081344/tools/bin/../lib/gcc/arm-none-eabi/13.3.1/../../../../arm-none-eabi/lib/thumb/v7-m/nofp\libc_nano.a
LOAD C:/ST/STM32CubeIDE_1.19.0/STM32CubeIDE/plugins/com.st.stm32cube.ide.mcu.externaltools.gnu-tools-for-stm32.13.3.rel1.win32_1.0.0.202411081344/tools/bin/../lib/gcc/arm-none-eabi/13.3.1/../../../../arm-none-eabi/lib/thumb/v7-m/nofp\libnosys.a
END GROUP
LOAD C:/ST/STM32CubeIDE_1.19.0/STM32CubeIDE/plugins/com.st.stm32cube.ide.mcu.externaltools.gnu-tools-for-stm32.13.3.rel1.win32_1.0.0.202411081344/tools/bin/../lib/gcc/arm-none-eabi/13.3.1/thumb/v7-m/nofp/crtend.o
LOAD C:/ST/STM32CubeIDE_1.19.0/STM32CubeIDE/plugins/com.st.stm32cube.ide.mcu.externaltools.gnu-tools-for-stm32.13.3.rel1.win32_1.0.0.202411081344/tools/bin/../lib/gcc/arm-none-eabi/13.3.1/thumb/v7-m/nofp/crtn.o
                0x20010000                        _estack = (ORIGIN (RAM) + LENGTH (RAM))
                0x00000200                        _Min_Heap_Size = 0x200
                0x00000400                        _Min_Stack_Size = 0x400

.isr_vector     0x08000000      0x1e4
                0x08000000                        . = ALIGN (0x4)
 *(.isr_vector)
 .isr_vector    0x08000000      0x1e4 ./Core/Startup/startup_stm32f107vctx.o
                0x08000000                g_pfnVectors
                0x080001e4                        . = ALIGN (0x4)

.text           0x080001e4     0x2230
                0x080001e4                        . = ALIGN (0x4)
 *(.text)
 .text          0x080001e4       0x40 C:/ST/STM32CubeIDE_1.19.0/STM32CubeIDE/plugins/com.st.stm32cube.ide.mcu.externaltools.gnu-tools-for-stm32.13.3.rel1.win32_1.0.0.202411081344/tools/bin/../lib/gcc/arm-none-eabi/13.3.1/thumb/v7-m/nofp/crtbegin.o
 .text          0x08000224       0x30 C:/ST/STM32CubeIDE_1.19.0/STM32CubeIDE/plugins/com.st.stm32cube.ide.mcu.externaltools.gnu-tools-for-stm32.13.3.rel1.win32_1.0.0.202411081344/tools/bin/../lib/gcc/arm-none-eabi/13.3.1/thumb/v7-m/nofp\libgcc.a(_aeabi_uldivmod.o)
                0x08000224                __aeabi_uldivmod
 .text          0x08000254      0x300 C:/ST/STM32CubeIDE_1.19.0/STM32CubeIDE/plugins/com.st.stm32cube.ide.mcu.externaltools.gnu-tools-for-stm32.13.3.rel1.win32_1.0.0.202411081344/tools/bin/../lib/gcc/arm-none-eabi/13.3.1/thumb/v7-m/nofp\libgcc.a(_udivmoddi4.o)
                0x08000254                __udivmoddi4
 .text          0x08000554        0x4 C:/ST/STM32CubeIDE_1.19.0/STM32CubeIDE/plugins/com.st.stm32cube.ide.mcu.externaltools.gnu-tools-for-stm32.13.3.rel1.win32_1.0.0.202411081344/tools/bin/../lib/gcc/arm-none-eabi/13.3.1/thumb/v7-m/nofp\libgcc.a(_dvmd_tls.o)
                0x08000554                __aeabi_idiv0
                0x08000554                __aeabi_ldiv0
 *(.text*)
 .text.main     0x08000558       0x20 ./Core/Src/main.o
                0x08000558                main
 .text.SystemClock_Config
                0x08000578       0x9c ./Core/Src/main.o
                0x08000578                SystemClock_Config
 .text.MX_CAN1_Init
                0x08000614       0x6c ./Core/Src/main.o
 .text.MX_SPI3_Init
                0x08000680       0x6c ./Core/Src/main.o
 .text.MX_GPIO_Init
                0x080006ec       0x94 ./Core/Src/main.o
 .text.Error_Handler
                0x08000780        0xc ./Core/Src/main.o
                0x08000780                Error_Handler
 .text.HAL_MspInit
                0x0800078c       0x64 ./Core/Src/stm32f1xx_hal_msp.o
                0x0800078c                HAL_MspInit
 .text.HAL_CAN_MspInit
                0x080007f0       0xcc ./Core/Src/stm32f1xx_hal_msp.o
                0x080007f0                HAL_CAN_MspInit
 .text.HAL_SPI_MspInit
                0x080008bc       0xb8 ./Core/Src/stm32f1xx_hal_msp.o
                0x080008bc                HAL_SPI_MspInit
 .text.NMI_Handler
                0x08000974        0x8 ./Core/Src/stm32f1xx_it.o
                0x08000974                NMI_Handler
 .text.HardFault_Handler
                0x0800097c        0x8 ./Core/Src/stm32f1xx_it.o
                0x0800097c                HardFault_Handler
 .text.MemManage_Handler
                0x08000984        0x8 ./Core/Src/stm32f1xx_it.o
                0x08000984                MemManage_Handler
 .text.BusFault_Handler
                0x0800098c        0x8 ./Core/Src/stm32f1xx_it.o
                0x0800098c                BusFault_Handler
 .text.UsageFault_Handler
                0x08000994        0x8 ./Core/Src/stm32f1xx_it.o
                0x08000994                UsageFault_Handler
 .text.SVC_Handler
                0x0800099c        0xc ./Core/Src/stm32f1xx_it.o
                0x0800099c                SVC_Handler
 .text.DebugMon_Handler
                0x080009a8        0xc ./Core/Src/stm32f1xx_it.o
                0x080009a8                DebugMon_Handler
 .text.PendSV_Handler
                0x080009b4        0xc ./Core/Src/stm32f1xx_it.o
                0x080009b4                PendSV_Handler
 .text.SysTick_Handler
                0x080009c0        0xc ./Core/Src/stm32f1xx_it.o
                0x080009c0                SysTick_Handler
 .text.CAN1_RX0_IRQHandler
                0x080009cc       0x14 ./Core/Src/stm32f1xx_it.o
                0x080009cc                CAN1_RX0_IRQHandler
 .text.SystemInit
                0x080009e0       0x7c ./Core/Src/system_stm32f1xx.o
                0x080009e0                SystemInit
 .text.Reset_Handler
                0x08000a5c       0x48 ./Core/Startup/startup_stm32f107vctx.o
                0x08000a5c                Reset_Handler
 .text.Default_Handler
                0x08000aa4        0x2 ./Core/Startup/startup_stm32f107vctx.o
                0x08000aa4                RTC_Alarm_IRQHandler
                0x08000aa4                EXTI2_IRQHandler
                0x08000aa4                TIM1_CC_IRQHandler
                0x08000aa4                TIM6_IRQHandler
                0x08000aa4                PVD_IRQHandler
                0x08000aa4                CAN2_RX1_IRQHandler
                0x08000aa4                EXTI3_IRQHandler
                0x08000aa4                EXTI0_IRQHandler
                0x08000aa4                I2C2_EV_IRQHandler
                0x08000aa4                CAN2_SCE_IRQHandler
                0x08000aa4                ADC1_2_IRQHandler
                0x08000aa4                SPI1_IRQHandler
                0x08000aa4                TAMPER_IRQHandler
                0x08000aa4                CAN2_RX0_IRQHandler
                0x08000aa4                DMA2_Channel2_IRQHandler
                0x08000aa4                DMA1_Channel4_IRQHandler
                0x08000aa4                USART3_IRQHandler
                0x08000aa4                RTC_IRQHandler
                0x08000aa4                DMA1_Channel7_IRQHandler
                0x08000aa4                CAN1_RX1_IRQHandler
                0x08000aa4                UART5_IRQHandler
                0x08000aa4                TIM4_IRQHandler
                0x08000aa4                DMA2_Channel1_IRQHandler
                0x08000aa4                I2C1_EV_IRQHandler
                0x08000aa4                DMA1_Channel6_IRQHandler
                0x08000aa4                UART4_IRQHandler
                0x08000aa4                DMA2_Channel4_IRQHandler
                0x08000aa4                TIM3_IRQHandler
                0x08000aa4                RCC_IRQHandler
                0x08000aa4                TIM1_TRG_COM_IRQHandler
                0x08000aa4                DMA1_Channel1_IRQHandler
                0x08000aa4                Default_Handler
                0x08000aa4                EXTI15_10_IRQHandler
                0x08000aa4                TIM7_IRQHandler
                0x08000aa4                CAN2_TX_IRQHandler
                0x08000aa4                TIM5_IRQHandler
                0x08000aa4                EXTI9_5_IRQHandler
                0x08000aa4                ETH_WKUP_IRQHandler
                0x08000aa4                SPI2_IRQHandler
                0x08000aa4                CAN1_TX_IRQHandler
                0x08000aa4                DMA2_Channel5_IRQHandler
                0x08000aa4                DMA1_Channel5_IRQHandler
                0x08000aa4                EXTI4_IRQHandler
                0x08000aa4                DMA1_Channel3_IRQHandler
                0x08000aa4                ETH_IRQHandler
                0x08000aa4                TIM1_UP_IRQHandler
                0x08000aa4                WWDG_IRQHandler
                0x08000aa4                TIM2_IRQHandler
                0x08000aa4                OTG_FS_WKUP_IRQHandler
                0x08000aa4                TIM1_BRK_IRQHandler
                0x08000aa4                EXTI1_IRQHandler
                0x08000aa4                USART2_IRQHandler
                0x08000aa4                I2C2_ER_IRQHandler
                0x08000aa4                DMA1_Channel2_IRQHandler
                0x08000aa4                CAN1_SCE_IRQHandler
                0x08000aa4                FLASH_IRQHandler
                0x08000aa4                USART1_IRQHandler
                0x08000aa4                OTG_FS_IRQHandler
                0x08000aa4                SPI3_IRQHandler
                0x08000aa4                I2C1_ER_IRQHandler
                0x08000aa4                DMA2_Channel3_IRQHandler
 .text._ZN7maxssau5CanIOC2EmmmmPNS_11CanIO_ArrayIhEES3_PFvhhPhEPFvttmE
                0x08000aa6       0x38 ./Core/app/app.o
                0x08000aa6                maxssau::CanIO::CanIO(unsigned long, unsigned long, unsigned long, unsigned long, maxssau::CanIO_Array<unsigned char>*, maxssau::CanIO_Array<unsigned char>*, void (*)(unsigned char, unsigned char, unsigned char*), void (*)(unsigned short, unsigned short, unsigned long))
                0x08000aa6                maxssau::CanIO::CanIO(unsigned long, unsigned long, unsigned long, unsigned long, maxssau::CanIO_Array<unsigned char>*, maxssau::CanIO_Array<unsigned char>*, void (*)(unsigned char, unsigned char, unsigned char*), void (*)(unsigned short, unsigned short, unsigned long))
 .text._ZN7maxssau5CanIO4initEmmmmPNS_11CanIO_ArrayIhEES3_PFvhhPhEPFvttmE
                0x08000ade       0x4e ./Core/app/app.o
                0x08000ade                maxssau::CanIO::init(unsigned long, unsigned long, unsigned long, unsigned long, maxssau::CanIO_Array<unsigned char>*, maxssau::CanIO_Array<unsigned char>*, void (*)(unsigned char, unsigned char, unsigned char*), void (*)(unsigned short, unsigned short, unsigned long))
 .text._Z14SendCanMessagehhPh
                0x08000b2c       0x1a ./Core/app/app.o
                0x08000b2c                SendCanMessage(unsigned char, unsigned char, unsigned char*)
 .text._Z16CANIOParseAnswerttm
                0x08000b46       0x1a ./Core/app/app.o
                0x08000b46                CANIOParseAnswer(unsigned short, unsigned short, unsigned long)
 .text.app      0x08000b60       0x18 ./Core/app/app.o
                0x08000b60                app
 .text._ZN7maxssau11CanIO_ArrayIhEC2EPhm
                0x08000b78       0x24 ./Core/app/app.o
                0x08000b78                maxssau::CanIO_Array<unsigned char>::CanIO_Array(unsigned char*, unsigned long)
                0x08000b78                maxssau::CanIO_Array<unsigned char>::CanIO_Array(unsigned char*, unsigned long)
 .text._Z41__static_initialization_and_destruction_0v
                0x08000b9c       0x70 ./Core/app/app.o
 .text._GLOBAL__sub_I__rx_buff
                0x08000c0c        0xa ./Core/app/app.o
 *fill*         0x08000c16        0x2 
 .text.HAL_Init
                0x08000c18       0x2c ./Drivers/STM32F1xx_HAL_Driver/Src/stm32f1xx_hal.o
                0x08000c18                HAL_Init
 .text.HAL_InitTick
                0x08000c44       0x60 ./Drivers/STM32F1xx_HAL_Driver/Src/stm32f1xx_hal.o
                0x08000c44                HAL_InitTick
 .text.HAL_IncTick
                0x08000ca4       0x24 ./Drivers/STM32F1xx_HAL_Driver/Src/stm32f1xx_hal.o
                0x08000ca4                HAL_IncTick
 .text.HAL_GetTick
                0x08000cc8       0x14 ./Drivers/STM32F1xx_HAL_Driver/Src/stm32f1xx_hal.o
                0x08000cc8                HAL_GetTick
 .text.HAL_CAN_Init
                0x08000cdc      0x1f6 ./Drivers/STM32F1xx_HAL_Driver/Src/stm32f1xx_hal_can.o
                0x08000cdc                HAL_CAN_Init
 .text.HAL_CAN_IRQHandler
                0x08000ed2      0x36e ./Drivers/STM32F1xx_HAL_Driver/Src/stm32f1xx_hal_can.o
                0x08000ed2                HAL_CAN_IRQHandler
 .text.HAL_CAN_TxMailbox0CompleteCallback
                0x08001240       0x12 ./Drivers/STM32F1xx_HAL_Driver/Src/stm32f1xx_hal_can.o
                0x08001240                HAL_CAN_TxMailbox0CompleteCallback
 .text.HAL_CAN_TxMailbox1CompleteCallback
                0x08001252       0x12 ./Drivers/STM32F1xx_HAL_Driver/Src/stm32f1xx_hal_can.o
                0x08001252                HAL_CAN_TxMailbox1CompleteCallback
 .text.HAL_CAN_TxMailbox2CompleteCallback
                0x08001264       0x12 ./Drivers/STM32F1xx_HAL_Driver/Src/stm32f1xx_hal_can.o
                0x08001264                HAL_CAN_TxMailbox2CompleteCallback
 .text.HAL_CAN_TxMailbox0AbortCallback
                0x08001276       0x12 ./Drivers/STM32F1xx_HAL_Driver/Src/stm32f1xx_hal_can.o
                0x08001276                HAL_CAN_TxMailbox0AbortCallback
 .text.HAL_CAN_TxMailbox1AbortCallback
                0x08001288       0x12 ./Drivers/STM32F1xx_HAL_Driver/Src/stm32f1xx_hal_can.o
                0x08001288                HAL_CAN_TxMailbox1AbortCallback
 .text.HAL_CAN_TxMailbox2AbortCallback
                0x0800129a       0x12 ./Drivers/STM32F1xx_HAL_Driver/Src/stm32f1xx_hal_can.o
                0x0800129a                HAL_CAN_TxMailbox2AbortCallback
 .text.HAL_CAN_RxFifo0MsgPendingCallback
                0x080012ac       0x12 ./Drivers/STM32F1xx_HAL_Driver/Src/stm32f1xx_hal_can.o
                0x080012ac                HAL_CAN_RxFifo0MsgPendingCallback
 .text.HAL_CAN_RxFifo0FullCallback
                0x080012be       0x12 ./Drivers/STM32F1xx_HAL_Driver/Src/stm32f1xx_hal_can.o
                0x080012be                HAL_CAN_RxFifo0FullCallback
 .text.HAL_CAN_RxFifo1MsgPendingCallback
                0x080012d0       0x12 ./Drivers/STM32F1xx_HAL_Driver/Src/stm32f1xx_hal_can.o
                0x080012d0                HAL_CAN_RxFifo1MsgPendingCallback
 .text.HAL_CAN_RxFifo1FullCallback
                0x080012e2       0x12 ./Drivers/STM32F1xx_HAL_Driver/Src/stm32f1xx_hal_can.o
                0x080012e2                HAL_CAN_RxFifo1FullCallback
 .text.HAL_CAN_SleepCallback
                0x080012f4       0x12 ./Drivers/STM32F1xx_HAL_Driver/Src/stm32f1xx_hal_can.o
                0x080012f4                HAL_CAN_SleepCallback
 .text.HAL_CAN_WakeUpFromRxMsgCallback
                0x08001306       0x12 ./Drivers/STM32F1xx_HAL_Driver/Src/stm32f1xx_hal_can.o
                0x08001306                HAL_CAN_WakeUpFromRxMsgCallback
 .text.HAL_CAN_ErrorCallback
                0x08001318       0x12 ./Drivers/STM32F1xx_HAL_Driver/Src/stm32f1xx_hal_can.o
                0x08001318                HAL_CAN_ErrorCallback
 *fill*         0x0800132a        0x2 
 .text.__NVIC_SetPriorityGrouping
                0x0800132c       0x48 ./Drivers/STM32F1xx_HAL_Driver/Src/stm32f1xx_hal_cortex.o
 .text.__NVIC_GetPriorityGrouping
                0x08001374       0x1c ./Drivers/STM32F1xx_HAL_Driver/Src/stm32f1xx_hal_cortex.o
 .text.__NVIC_EnableIRQ
                0x08001390       0x38 ./Drivers/STM32F1xx_HAL_Driver/Src/stm32f1xx_hal_cortex.o
 .text.__NVIC_SetPriority
                0x080013c8       0x54 ./Drivers/STM32F1xx_HAL_Driver/Src/stm32f1xx_hal_cortex.o
 .text.NVIC_EncodePriority
                0x0800141c       0x64 ./Drivers/STM32F1xx_HAL_Driver/Src/stm32f1xx_hal_cortex.o
 .text.SysTick_Config
                0x08001480       0x44 ./Drivers/STM32F1xx_HAL_Driver/Src/stm32f1xx_hal_cortex.o
 .text.HAL_NVIC_SetPriorityGrouping
                0x080014c4       0x16 ./Drivers/STM32F1xx_HAL_Driver/Src/stm32f1xx_hal_cortex.o
                0x080014c4                HAL_NVIC_SetPriorityGrouping
 .text.HAL_NVIC_SetPriority
                0x080014da       0x38 ./Drivers/STM32F1xx_HAL_Driver/Src/stm32f1xx_hal_cortex.o
                0x080014da                HAL_NVIC_SetPriority
 .text.HAL_NVIC_EnableIRQ
                0x08001512       0x1c ./Drivers/STM32F1xx_HAL_Driver/Src/stm32f1xx_hal_cortex.o
                0x08001512                HAL_NVIC_EnableIRQ
 .text.HAL_SYSTICK_Config
                0x0800152e       0x18 ./Drivers/STM32F1xx_HAL_Driver/Src/stm32f1xx_hal_cortex.o
                0x0800152e                HAL_SYSTICK_Config
 *fill*         0x08001546        0x2 
 .text.HAL_GPIO_Init
                0x08001548      0x308 ./Drivers/STM32F1xx_HAL_Driver/Src/stm32f1xx_hal_gpio.o
                0x08001548                HAL_GPIO_Init
 .text.HAL_GPIO_WritePin
                0x08001850       0x30 ./Drivers/STM32F1xx_HAL_Driver/Src/stm32f1xx_hal_gpio.o
                0x08001850                HAL_GPIO_WritePin
 .text.HAL_RCC_OscConfig
                0x08001880      0x62c ./Drivers/STM32F1xx_HAL_Driver/Src/stm32f1xx_hal_rcc.o
                0x08001880                HAL_RCC_OscConfig
 .text.HAL_RCC_ClockConfig
                0x08001eac      0x1d4 ./Drivers/STM32F1xx_HAL_Driver/Src/stm32f1xx_hal_rcc.o
                0x08001eac                HAL_RCC_ClockConfig
 .text.HAL_RCC_GetSysClockFreq
                0x08002080      0x224 ./Drivers/STM32F1xx_HAL_Driver/Src/stm32f1xx_hal_rcc.o
                0x08002080                HAL_RCC_GetSysClockFreq
 .text.RCC_Delay
                0x080022a4       0x3c ./Drivers/STM32F1xx_HAL_Driver/Src/stm32f1xx_hal_rcc.o
 .text.HAL_SPI_Init
                0x080022e0       0xc2 ./Drivers/STM32F1xx_HAL_Driver/Src/stm32f1xx_hal_spi.o
                0x080022e0                HAL_SPI_Init
 .text.memset   0x080023a2       0x10 C:/ST/STM32CubeIDE_1.19.0/STM32CubeIDE/plugins/com.st.stm32cube.ide.mcu.externaltools.gnu-tools-for-stm32.13.3.rel1.win32_1.0.0.202411081344/tools/bin/../lib/gcc/arm-none-eabi/13.3.1/../../../../arm-none-eabi/lib/thumb/v7-m/nofp\libc_nano.a(libc_a-memset.o)
                0x080023a2                memset
 *fill*         0x080023b2        0x2 
 .text.__libc_init_array
                0x080023b4       0x48 C:/ST/STM32CubeIDE_1.19.0/STM32CubeIDE/plugins/com.st.stm32cube.ide.mcu.externaltools.gnu-tools-for-stm32.13.3.rel1.win32_1.0.0.202411081344/tools/bin/../lib/gcc/arm-none-eabi/13.3.1/../../../../arm-none-eabi/lib/thumb/v7-m/nofp\libc_nano.a(libc_a-init.o)
                0x080023b4                __libc_init_array
 *(.glue_7)
 .glue_7        0x080023fc        0x0 linker stubs
 *(.glue_7t)
 .glue_7t       0x080023fc        0x0 linker stubs
 *(.eh_frame)
 .eh_frame      0x080023fc        0x0 C:/ST/STM32CubeIDE_1.19.0/STM32CubeIDE/plugins/com.st.stm32cube.ide.mcu.externaltools.gnu-tools-for-stm32.13.3.rel1.win32_1.0.0.202411081344/tools/bin/../lib/gcc/arm-none-eabi/13.3.1/thumb/v7-m/nofp/crtbegin.o
 *(.init)
 .init          0x080023fc        0x4 C:/ST/STM32CubeIDE_1.19.0/STM32CubeIDE/plugins/com.st.stm32cube.ide.mcu.externaltools.gnu-tools-for-stm32.13.3.rel1.win32_1.0.0.202411081344/tools/bin/../lib/gcc/arm-none-eabi/13.3.1/thumb/v7-m/nofp/crti.o
                0x080023fc                _init
 .init          0x08002400        0x8 C:/ST/STM32CubeIDE_1.19.0/STM32CubeIDE/plugins/com.st.stm32cube.ide.mcu.externaltools.gnu-tools-for-stm32.13.3.rel1.win32_1.0.0.202411081344/tools/bin/../lib/gcc/arm-none-eabi/13.3.1/thumb/v7-m/nofp/crtn.o
 *(.fini)
 .fini          0x08002408        0x4 C:/ST/STM32CubeIDE_1.19.0/STM32CubeIDE/plugins/com.st.stm32cube.ide.mcu.externaltools.gnu-tools-for-stm32.13.3.rel1.win32_1.0.0.202411081344/tools/bin/../lib/gcc/arm-none-eabi/13.3.1/thumb/v7-m/nofp/crti.o
                0x08002408                _fini
 .fini          0x0800240c        0x8 C:/ST/STM32CubeIDE_1.19.0/STM32CubeIDE/plugins/com.st.stm32cube.ide.mcu.externaltools.gnu-tools-for-stm32.13.3.rel1.win32_1.0.0.202411081344/tools/bin/../lib/gcc/arm-none-eabi/13.3.1/thumb/v7-m/nofp/crtn.o
                0x08002414                        . = ALIGN (0x4)
                0x08002414                        _etext = .

.vfp11_veneer   0x08002414        0x0
 .vfp11_veneer  0x08002414        0x0 linker stubs

.v4_bx          0x08002414        0x0
 .v4_bx         0x08002414        0x0 linker stubs

.iplt           0x08002414        0x0
 .iplt          0x08002414        0x0 C:/ST/STM32CubeIDE_1.19.0/STM32CubeIDE/plugins/com.st.stm32cube.ide.mcu.externaltools.gnu-tools-for-stm32.13.3.rel1.win32_1.0.0.202411081344/tools/bin/../lib/gcc/arm-none-eabi/13.3.1/thumb/v7-m/nofp/crtbegin.o

.rodata         0x08002414       0x30
                0x08002414                        . = ALIGN (0x4)
 *(.rodata)
 .rodata        0x08002414       0x20 ./Drivers/STM32F1xx_HAL_Driver/Src/stm32f1xx_hal_rcc.o
 *(.rodata*)
 .rodata.AHBPrescTable
                0x08002434       0x10 ./Core/Src/system_stm32f1xx.o
                0x08002434                AHBPrescTable
                0x08002444                        . = ALIGN (0x4)

.ARM.extab      0x08002444        0x0
                0x08002444                        . = ALIGN (0x4)
 *(.ARM.extab* .gnu.linkonce.armextab.*)
                0x08002444                        . = ALIGN (0x4)

.ARM            0x08002444        0x8
                0x08002444                        . = ALIGN (0x4)
                0x08002444                        __exidx_start = .
 *(.ARM.exidx*)
 .ARM.exidx     0x08002444        0x8 C:/ST/STM32CubeIDE_1.19.0/STM32CubeIDE/plugins/com.st.stm32cube.ide.mcu.externaltools.gnu-tools-for-stm32.13.3.rel1.win32_1.0.0.202411081344/tools/bin/../lib/gcc/arm-none-eabi/13.3.1/thumb/v7-m/nofp\libgcc.a(_udivmoddi4.o)
                0x0800244c                        __exidx_end = .
                0x0800244c                        . = ALIGN (0x4)

.preinit_array  0x0800244c        0x0
                0x0800244c                        . = ALIGN (0x4)
                0x0800244c                        PROVIDE (__preinit_array_start = .)
 *(.preinit_array*)
                0x0800244c                        PROVIDE (__preinit_array_end = .)
                0x0800244c                        . = ALIGN (0x4)

.init_array     0x0800244c        0x8
                0x0800244c                        . = ALIGN (0x4)
                0x0800244c                        PROVIDE (__init_array_start = .)
 *(SORT_BY_NAME(.init_array.*))
 *(.init_array*)
 .init_array    0x0800244c        0x4 C:/ST/STM32CubeIDE_1.19.0/STM32CubeIDE/plugins/com.st.stm32cube.ide.mcu.externaltools.gnu-tools-for-stm32.13.3.rel1.win32_1.0.0.202411081344/tools/bin/../lib/gcc/arm-none-eabi/13.3.1/thumb/v7-m/nofp/crtbegin.o
 .init_array    0x08002450        0x4 ./Core/app/app.o
                0x08002454                        PROVIDE (__init_array_end = .)
                0x08002454                        . = ALIGN (0x4)

.fini_array     0x08002454        0x4
                0x08002454                        . = ALIGN (0x4)
                [!provide]                        PROVIDE (__fini_array_start = .)
 *(SORT_BY_NAME(.fini_array.*))
 *(.fini_array*)
 .fini_array    0x08002454        0x4 C:/ST/STM32CubeIDE_1.19.0/STM32CubeIDE/plugins/com.st.stm32cube.ide.mcu.externaltools.gnu-tools-for-stm32.13.3.rel1.win32_1.0.0.202411081344/tools/bin/../lib/gcc/arm-none-eabi/13.3.1/thumb/v7-m/nofp/crtbegin.o
                [!provide]                        PROVIDE (__fini_array_end = .)
                0x08002458                        . = ALIGN (0x4)
                0x08002458                        _sidata = LOADADDR (.data)

.rel.dyn        0x08002458        0x0
 .rel.iplt      0x08002458        0x0 C:/ST/STM32CubeIDE_1.19.0/STM32CubeIDE/plugins/com.st.stm32cube.ide.mcu.externaltools.gnu-tools-for-stm32.13.3.rel1.win32_1.0.0.202411081344/tools/bin/../lib/gcc/arm-none-eabi/13.3.1/thumb/v7-m/nofp/crtbegin.o

.data           0x20000000        0xc load address 0x08002458
                0x20000000                        . = ALIGN (0x4)
                0x20000000                        _sdata = .
 *(.data)
 *(.data*)
 .data.SystemCoreClock
                0x20000000        0x4 ./Core/Src/system_stm32f1xx.o
                0x20000000                SystemCoreClock
 .data.uwTickPrio
                0x20000004        0x4 ./Drivers/STM32F1xx_HAL_Driver/Src/stm32f1xx_hal.o
                0x20000004                uwTickPrio
 .data.uwTickFreq
                0x20000008        0x1 ./Drivers/STM32F1xx_HAL_Driver/Src/stm32f1xx_hal.o
                0x20000008                uwTickFreq
 *(.RamFunc)
 *(.RamFunc*)
                0x2000000c                        . = ALIGN (0x4)
 *fill*         0x20000009        0x3 
                0x2000000c                        _edata = .

.igot.plt       0x2000000c        0x0 load address 0x08002464
 .igot.plt      0x2000000c        0x0 C:/ST/STM32CubeIDE_1.19.0/STM32CubeIDE/plugins/com.st.stm32cube.ide.mcu.externaltools.gnu-tools-for-stm32.13.3.rel1.win32_1.0.0.202411081344/tools/bin/../lib/gcc/arm-none-eabi/13.3.1/thumb/v7-m/nofp/crtbegin.o
                0x2000000c                        . = ALIGN (0x4)

.bss            0x2000000c      0x504 load address 0x08002464
                0x2000000c                        _sbss = .
                0x2000000c                        __bss_start__ = _sbss
 *(.bss)
 .bss           0x2000000c       0x1c C:/ST/STM32CubeIDE_1.19.0/STM32CubeIDE/plugins/com.st.stm32cube.ide.mcu.externaltools.gnu-tools-for-stm32.13.3.rel1.win32_1.0.0.202411081344/tools/bin/../lib/gcc/arm-none-eabi/13.3.1/thumb/v7-m/nofp/crtbegin.o
 *(.bss*)
 .bss.hcan1     0x20000028       0x28 ./Core/Src/main.o
                0x20000028                hcan1
 .bss.hspi3     0x20000050       0x58 ./Core/Src/main.o
                0x20000050                hspi3
 .bss._rx_buff  0x200000a8      0x200 ./Core/app/app.o
                0x200000a8                _rx_buff
 .bss._tx_buff  0x200002a8      0x200 ./Core/app/app.o
                0x200002a8                _tx_buff
 .bss.rx_buff   0x200004a8        0x8 ./Core/app/app.o
                0x200004a8                rx_buff
 .bss.tx_buff   0x200004b0        0x8 ./Core/app/app.o
                0x200004b0                tx_buff
 .bss.canio_object
                0x200004b8       0x54 ./Core/app/app.o
                0x200004b8                canio_object
 .bss.uwTick    0x2000050c        0x4 ./Drivers/STM32F1xx_HAL_Driver/Src/stm32f1xx_hal.o
                0x2000050c                uwTick
 *(COMMON)
                0x20000510                        . = ALIGN (0x4)
                0x20000510                        _ebss = .
                0x20000510                        __bss_end__ = _ebss

._user_heap_stack
                0x20000510      0x600 load address 0x08002464
                0x20000510                        . = ALIGN (0x8)
                [!provide]                        PROVIDE (end = .)
                0x20000510                        PROVIDE (_end = .)
                0x20000710                        . = (. + _Min_Heap_Size)
 *fill*         0x20000510      0x200 
                0x20000b10                        . = (. + _Min_Stack_Size)
 *fill*         0x20000710      0x400 
                0x20000b10                        . = ALIGN (0x8)

/DISCARD/
 libc.a(*)
 libm.a(*)
 libgcc.a(*)

.ARM.attributes
                0x00000000       0x29
 *(.ARM.attributes)
 .ARM.attributes
                0x00000000       0x1d C:/ST/STM32CubeIDE_1.19.0/STM32CubeIDE/plugins/com.st.stm32cube.ide.mcu.externaltools.gnu-tools-for-stm32.13.3.rel1.win32_1.0.0.202411081344/tools/bin/../lib/gcc/arm-none-eabi/13.3.1/thumb/v7-m/nofp/crti.o
 .ARM.attributes
                0x0000001d       0x2d C:/ST/STM32CubeIDE_1.19.0/STM32CubeIDE/plugins/com.st.stm32cube.ide.mcu.externaltools.gnu-tools-for-stm32.13.3.rel1.win32_1.0.0.202411081344/tools/bin/../lib/gcc/arm-none-eabi/13.3.1/thumb/v7-m/nofp/crtbegin.o
 .ARM.attributes
                0x0000004a       0x2d ./Core/Src/main.o
 .ARM.attributes
                0x00000077       0x2d ./Core/Src/stm32f1xx_hal_msp.o
 .ARM.attributes
                0x000000a4       0x2d ./Core/Src/stm32f1xx_it.o
 .ARM.attributes
                0x000000d1       0x2d ./Core/Src/system_stm32f1xx.o
 .ARM.attributes
                0x000000fe       0x21 ./Core/Startup/startup_stm32f107vctx.o
 .ARM.attributes
                0x0000011f       0x2d ./Core/app/app.o
 .ARM.attributes
                0x0000014c       0x2d ./Drivers/STM32F1xx_HAL_Driver/Src/stm32f1xx_hal.o
 .ARM.attributes
                0x00000179       0x2d ./Drivers/STM32F1xx_HAL_Driver/Src/stm32f1xx_hal_can.o
 .ARM.attributes
                0x000001a6       0x2d ./Drivers/STM32F1xx_HAL_Driver/Src/stm32f1xx_hal_cortex.o
 .ARM.attributes
                0x000001d3       0x2d ./Drivers/STM32F1xx_HAL_Driver/Src/stm32f1xx_hal_gpio.o
 .ARM.attributes
                0x00000200       0x2d ./Drivers/STM32F1xx_HAL_Driver/Src/stm32f1xx_hal_rcc.o
 .ARM.attributes
                0x0000022d       0x2d ./Drivers/STM32F1xx_HAL_Driver/Src/stm32f1xx_hal_spi.o
 .ARM.attributes
                0x0000025a       0x2d C:/ST/STM32CubeIDE_1.19.0/STM32CubeIDE/plugins/com.st.stm32cube.ide.mcu.externaltools.gnu-tools-for-stm32.13.3.rel1.win32_1.0.0.202411081344/tools/bin/../lib/gcc/arm-none-eabi/13.3.1/../../../../arm-none-eabi/lib/thumb/v7-m/nofp\libc_nano.a(libc_a-memset.o)
 .ARM.attributes
                0x00000287       0x2d C:/ST/STM32CubeIDE_1.19.0/STM32CubeIDE/plugins/com.st.stm32cube.ide.mcu.externaltools.gnu-tools-for-stm32.13.3.rel1.win32_1.0.0.202411081344/tools/bin/../lib/gcc/arm-none-eabi/13.3.1/../../../../arm-none-eabi/lib/thumb/v7-m/nofp\libc_nano.a(libc_a-init.o)
 .ARM.attributes
                0x000002b4       0x1d C:/ST/STM32CubeIDE_1.19.0/STM32CubeIDE/plugins/com.st.stm32cube.ide.mcu.externaltools.gnu-tools-for-stm32.13.3.rel1.win32_1.0.0.202411081344/tools/bin/../lib/gcc/arm-none-eabi/13.3.1/thumb/v7-m/nofp\libgcc.a(_aeabi_uldivmod.o)
 .ARM.attributes
                0x000002d1       0x2d C:/ST/STM32CubeIDE_1.19.0/STM32CubeIDE/plugins/com.st.stm32cube.ide.mcu.externaltools.gnu-tools-for-stm32.13.3.rel1.win32_1.0.0.202411081344/tools/bin/../lib/gcc/arm-none-eabi/13.3.1/thumb/v7-m/nofp\libgcc.a(_udivmoddi4.o)
 .ARM.attributes
                0x000002fe       0x1d C:/ST/STM32CubeIDE_1.19.0/STM32CubeIDE/plugins/com.st.stm32cube.ide.mcu.externaltools.gnu-tools-for-stm32.13.3.rel1.win32_1.0.0.202411081344/tools/bin/../lib/gcc/arm-none-eabi/13.3.1/thumb/v7-m/nofp\libgcc.a(_dvmd_tls.o)
 .ARM.attributes
                0x0000031b       0x1d C:/ST/STM32CubeIDE_1.19.0/STM32CubeIDE/plugins/com.st.stm32cube.ide.mcu.externaltools.gnu-tools-for-stm32.13.3.rel1.win32_1.0.0.202411081344/tools/bin/../lib/gcc/arm-none-eabi/13.3.1/thumb/v7-m/nofp/crtn.o
OUTPUT(CANIO_V01.elf elf32-littlearm)
LOAD linker stubs
LOAD C:/ST/STM32CubeIDE_1.19.0/STM32CubeIDE/plugins/com.st.stm32cube.ide.mcu.externaltools.gnu-tools-for-stm32.13.3.rel1.win32_1.0.0.202411081344/tools/bin/../lib/gcc/arm-none-eabi/13.3.1/../../../../arm-none-eabi/lib/thumb/v7-m/nofp\libc.a
LOAD C:/ST/STM32CubeIDE_1.19.0/STM32CubeIDE/plugins/com.st.stm32cube.ide.mcu.externaltools.gnu-tools-for-stm32.13.3.rel1.win32_1.0.0.202411081344/tools/bin/../lib/gcc/arm-none-eabi/13.3.1/../../../../arm-none-eabi/lib/thumb/v7-m/nofp\libm.a
LOAD C:/ST/STM32CubeIDE_1.19.0/STM32CubeIDE/plugins/com.st.stm32cube.ide.mcu.externaltools.gnu-tools-for-stm32.13.3.rel1.win32_1.0.0.202411081344/tools/bin/../lib/gcc/arm-none-eabi/13.3.1/thumb/v7-m/nofp\libgcc.a

.debug_info     0x00000000     0x7363
 .debug_info    0x00000000      0xe64 ./Core/Src/main.o
 .debug_info    0x00000e64      0xead ./Core/Src/stm32f1xx_hal_msp.o
 .debug_info    0x00001d11      0x506 ./Core/Src/stm32f1xx_it.o
 .debug_info    0x00002217      0x426 ./Core/Src/system_stm32f1xx.o
 .debug_info    0x0000263d       0x30 ./Core/Startup/startup_stm32f107vctx.o
 .debug_info    0x0000266d      0x885 ./Core/app/app.o
 .debug_info    0x00002ef2      0x776 ./Drivers/STM32F1xx_HAL_Driver/Src/stm32f1xx_hal.o
 .debug_info    0x00003668      0xed8 ./Drivers/STM32F1xx_HAL_Driver/Src/stm32f1xx_hal_can.o
 .debug_info    0x00004540      0xaf3 ./Drivers/STM32F1xx_HAL_Driver/Src/stm32f1xx_hal_cortex.o
 .debug_info    0x00005033      0x5b6 ./Drivers/STM32F1xx_HAL_Driver/Src/stm32f1xx_hal_gpio.o
 .debug_info    0x000055e9      0x8ac ./Drivers/STM32F1xx_HAL_Driver/Src/stm32f1xx_hal_rcc.o
 .debug_info    0x00005e95     0x14ce ./Drivers/STM32F1xx_HAL_Driver/Src/stm32f1xx_hal_spi.o

.debug_abbrev   0x00000000     0x181d
 .debug_abbrev  0x00000000      0x289 ./Core/Src/main.o
 .debug_abbrev  0x00000289      0x1f6 ./Core/Src/stm32f1xx_hal_msp.o
 .debug_abbrev  0x0000047f      0x1a1 ./Core/Src/stm32f1xx_it.o
 .debug_abbrev  0x00000620      0x118 ./Core/Src/system_stm32f1xx.o
 .debug_abbrev  0x00000738       0x24 ./Core/Startup/startup_stm32f107vctx.o
 .debug_abbrev  0x0000075c      0x287 ./Core/app/app.o
 .debug_abbrev  0x000009e3      0x214 ./Drivers/STM32F1xx_HAL_Driver/Src/stm32f1xx_hal.o
 .debug_abbrev  0x00000bf7      0x24f ./Drivers/STM32F1xx_HAL_Driver/Src/stm32f1xx_hal_can.o
 .debug_abbrev  0x00000e46      0x2f8 ./Drivers/STM32F1xx_HAL_Driver/Src/stm32f1xx_hal_cortex.o
 .debug_abbrev  0x0000113e      0x1ca ./Drivers/STM32F1xx_HAL_Driver/Src/stm32f1xx_hal_gpio.o
 .debug_abbrev  0x00001308      0x291 ./Drivers/STM32F1xx_HAL_Driver/Src/stm32f1xx_hal_rcc.o
 .debug_abbrev  0x00001599      0x284 ./Drivers/STM32F1xx_HAL_Driver/Src/stm32f1xx_hal_spi.o

.debug_aranges  0x00000000      0x768
 .debug_aranges
                0x00000000       0x48 ./Core/Src/main.o
 .debug_aranges
                0x00000048       0x40 ./Core/Src/stm32f1xx_hal_msp.o
 .debug_aranges
                0x00000088       0x68 ./Core/Src/stm32f1xx_it.o
 .debug_aranges
                0x000000f0       0x28 ./Core/Src/system_stm32f1xx.o
 .debug_aranges
                0x00000118       0x28 ./Core/Startup/startup_stm32f107vctx.o
 .debug_aranges
                0x00000140       0x58 ./Core/app/app.o
 .debug_aranges
                0x00000198       0xe0 ./Drivers/STM32F1xx_HAL_Driver/Src/stm32f1xx_hal.o
 .debug_aranges
                0x00000278      0x138 ./Drivers/STM32F1xx_HAL_Driver/Src/stm32f1xx_hal_can.o
 .debug_aranges
                0x000003b0      0x100 ./Drivers/STM32F1xx_HAL_Driver/Src/stm32f1xx_hal_cortex.o
 .debug_aranges
                0x000004b0       0x58 ./Drivers/STM32F1xx_HAL_Driver/Src/stm32f1xx_hal_gpio.o
 .debug_aranges
                0x00000508       0x90 ./Drivers/STM32F1xx_HAL_Driver/Src/stm32f1xx_hal_rcc.o
 .debug_aranges
                0x00000598      0x1d0 ./Drivers/STM32F1xx_HAL_Driver/Src/stm32f1xx_hal_spi.o

.debug_rnglists
                0x00000000      0x57e
 .debug_rnglists
                0x00000000       0x33 ./Core/Src/main.o
 .debug_rnglists
                0x00000033       0x2d ./Core/Src/stm32f1xx_hal_msp.o
 .debug_rnglists
                0x00000060       0x49 ./Core/Src/stm32f1xx_it.o
 .debug_rnglists
                0x000000a9       0x1a ./Core/Src/system_stm32f1xx.o
 .debug_rnglists
                0x000000c3       0x19 ./Core/Startup/startup_stm32f107vctx.o
 .debug_rnglists
                0x000000dc       0x3d ./Core/app/app.o
 .debug_rnglists
                0x00000119       0xa3 ./Drivers/STM32F1xx_HAL_Driver/Src/stm32f1xx_hal.o
 .debug_rnglists
                0x000001bc       0xee ./Drivers/STM32F1xx_HAL_Driver/Src/stm32f1xx_hal_can.o
 .debug_rnglists
                0x000002aa       0xbb ./Drivers/STM32F1xx_HAL_Driver/Src/stm32f1xx_hal_cortex.o
 .debug_rnglists
                0x00000365       0x3f ./Drivers/STM32F1xx_HAL_Driver/Src/stm32f1xx_hal_gpio.o
 .debug_rnglists
                0x000003a4       0x6c ./Drivers/STM32F1xx_HAL_Driver/Src/stm32f1xx_hal_rcc.o
 .debug_rnglists
                0x00000410      0x16e ./Drivers/STM32F1xx_HAL_Driver/Src/stm32f1xx_hal_spi.o

.debug_macro    0x00000000    0x1cc37
 .debug_macro   0x00000000      0x1ac ./Core/Src/main.o
 .debug_macro   0x000001ac      0xacc ./Core/Src/main.o
 .debug_macro   0x00000c78      0x21b ./Core/Src/main.o
 .debug_macro   0x00000e93       0x2e ./Core/Src/main.o
 .debug_macro   0x00000ec1       0x22 ./Core/Src/main.o
 .debug_macro   0x00000ee3       0x22 ./Core/Src/main.o
 .debug_macro   0x00000f05       0x8e ./Core/Src/main.o
 .debug_macro   0x00000f93       0x51 ./Core/Src/main.o
 .debug_macro   0x00000fe4      0x103 ./Core/Src/main.o
 .debug_macro   0x000010e7       0x6a ./Core/Src/main.o
 .debug_macro   0x00001151      0x1df ./Core/Src/main.o
 .debug_macro   0x00001330       0x1c ./Core/Src/main.o
 .debug_macro   0x0000134c       0x22 ./Core/Src/main.o
 .debug_macro   0x0000136e       0xbd ./Core/Src/main.o
 .debug_macro   0x0000142b      0xd23 ./Core/Src/main.o
 .debug_macro   0x0000214e    0x15c59 ./Core/Src/main.o
 .debug_macro   0x00017da7       0x43 ./Core/Src/main.o
 .debug_macro   0x00017dea      0x190 ./Core/Src/main.o
 .debug_macro   0x00017f7a       0x5a ./Core/Src/main.o
 .debug_macro   0x00017fd4      0x5be ./Core/Src/main.o
 .debug_macro   0x00018592      0x6b4 ./Core/Src/main.o
 .debug_macro   0x00018c46      0x1cb ./Core/Src/main.o
 .debug_macro   0x00018e11      0x114 ./Core/Src/main.o
 .debug_macro   0x00018f25      0x214 ./Core/Src/main.o
 .debug_macro   0x00019139       0x27 ./Core/Src/main.o
 .debug_macro   0x00019160      0x13c ./Core/Src/main.o
 .debug_macro   0x0001929c      0x1bc ./Core/Src/main.o
 .debug_macro   0x00019458       0x30 ./Core/Src/main.o
 .debug_macro   0x00019488       0x3c ./Core/Src/main.o
 .debug_macro   0x000194c4      0x40f ./Core/Src/main.o
 .debug_macro   0x000198d3       0x57 ./Core/Src/main.o
 .debug_macro   0x0001992a       0x88 ./Core/Src/main.o
 .debug_macro   0x000199b2      0x24f ./Core/Src/main.o
 .debug_macro   0x00019c01      0x141 ./Core/Src/main.o
 .debug_macro   0x00019d42      0x217 ./Core/Src/main.o
 .debug_macro   0x00019f59       0xdf ./Core/Src/main.o
 .debug_macro   0x0001a038       0x10 ./Core/Src/main.o
 .debug_macro   0x0001a048      0x1ac ./Core/Src/stm32f1xx_hal_msp.o
 .debug_macro   0x0001a1f4      0x1b6 ./Core/Src/stm32f1xx_it.o
 .debug_macro   0x0001a3aa      0x195 ./Core/Src/system_stm32f1xx.o
 .debug_macro   0x0001a53f      0x1c3 ./Core/app/app.o
 .debug_macro   0x0001a702      0xba4 ./Core/app/app.o
 .debug_macro   0x0001b2a6       0x1c ./Core/app/app.o
 .debug_macro   0x0001b2c2      0xd23 ./Core/app/app.o
 .debug_macro   0x0001bfe5      0x197 ./Core/app/app.o
 .debug_macro   0x0001c17c       0x2e ./Core/app/app.o
 .debug_macro   0x0001c1aa       0x82 ./Core/app/app.o
 .debug_macro   0x0001c22c      0x1b3 ./Drivers/STM32F1xx_HAL_Driver/Src/stm32f1xx_hal.o
 .debug_macro   0x0001c3df      0x197 ./Drivers/STM32F1xx_HAL_Driver/Src/stm32f1xx_hal_can.o
 .debug_macro   0x0001c576      0x18f ./Drivers/STM32F1xx_HAL_Driver/Src/stm32f1xx_hal_cortex.o
 .debug_macro   0x0001c705      0x1fa ./Drivers/STM32F1xx_HAL_Driver/Src/stm32f1xx_hal_gpio.o
 .debug_macro   0x0001c8ff      0x1a1 ./Drivers/STM32F1xx_HAL_Driver/Src/stm32f1xx_hal_rcc.o
 .debug_macro   0x0001caa0      0x197 ./Drivers/STM32F1xx_HAL_Driver/Src/stm32f1xx_hal_spi.o

.debug_line     0x00000000     0x80d9
 .debug_line    0x00000000      0x7e9 ./Core/Src/main.o
 .debug_line    0x000007e9      0x762 ./Core/Src/stm32f1xx_hal_msp.o
 .debug_line    0x00000f4b      0x77c ./Core/Src/stm32f1xx_it.o
 .debug_line    0x000016c7      0x78e ./Core/Src/system_stm32f1xx.o
 .debug_line    0x00001e55       0x78 ./Core/Startup/startup_stm32f107vctx.o
 .debug_line    0x00001ecd      0x776 ./Core/app/app.o
 .debug_line    0x00002643      0x94c ./Drivers/STM32F1xx_HAL_Driver/Src/stm32f1xx_hal.o
 .debug_line    0x00002f8f     0x114e ./Drivers/STM32F1xx_HAL_Driver/Src/stm32f1xx_hal_can.o
 .debug_line    0x000040dd      0xb1a ./Drivers/STM32F1xx_HAL_Driver/Src/stm32f1xx_hal_cortex.o
 .debug_line    0x00004bf7      0x9ae ./Drivers/STM32F1xx_HAL_Driver/Src/stm32f1xx_hal_gpio.o
 .debug_line    0x000055a5      0xf61 ./Drivers/STM32F1xx_HAL_Driver/Src/stm32f1xx_hal_rcc.o
 .debug_line    0x00006506     0x1bd3 ./Drivers/STM32F1xx_HAL_Driver/Src/stm32f1xx_hal_spi.o

.debug_str      0x00000000    0x995c8
 .debug_str     0x00000000    0x995c8 ./Core/Src/main.o
                              0x96c49 (size before relaxing)
 .debug_str     0x000995c8    0x96e6d ./Core/Src/stm32f1xx_hal_msp.o
 .debug_str     0x000995c8    0x96654 ./Core/Src/stm32f1xx_it.o
 .debug_str     0x000995c8    0x96409 ./Core/Src/system_stm32f1xx.o
 .debug_str     0x000995c8       0x6c ./Core/Startup/startup_stm32f107vctx.o
 .debug_str     0x000995c8    0x97224 ./Core/app/app.o
 .debug_str     0x000995c8    0x96b73 ./Drivers/STM32F1xx_HAL_Driver/Src/stm32f1xx_hal.o
 .debug_str     0x000995c8    0x96b54 ./Drivers/STM32F1xx_HAL_Driver/Src/stm32f1xx_hal_can.o
 .debug_str     0x000995c8    0x96abe ./Drivers/STM32F1xx_HAL_Driver/Src/stm32f1xx_hal_cortex.o
 .debug_str     0x000995c8    0x966e8 ./Drivers/STM32F1xx_HAL_Driver/Src/stm32f1xx_hal_gpio.o
 .debug_str     0x000995c8    0x967fe ./Drivers/STM32F1xx_HAL_Driver/Src/stm32f1xx_hal_rcc.o
 .debug_str     0x000995c8    0x96c65 ./Drivers/STM32F1xx_HAL_Driver/Src/stm32f1xx_hal_spi.o

.comment        0x00000000       0x43
 .comment       0x00000000       0x43 ./Core/Src/main.o
                                 0x44 (size before relaxing)
 .comment       0x00000043       0x44 ./Core/Src/stm32f1xx_hal_msp.o
 .comment       0x00000043       0x44 ./Core/Src/stm32f1xx_it.o
 .comment       0x00000043       0x44 ./Core/Src/system_stm32f1xx.o
 .comment       0x00000043       0x44 ./Core/app/app.o
 .comment       0x00000043       0x44 ./Drivers/STM32F1xx_HAL_Driver/Src/stm32f1xx_hal.o
 .comment       0x00000043       0x44 ./Drivers/STM32F1xx_HAL_Driver/Src/stm32f1xx_hal_can.o
 .comment       0x00000043       0x44 ./Drivers/STM32F1xx_HAL_Driver/Src/stm32f1xx_hal_cortex.o
 .comment       0x00000043       0x44 ./Drivers/STM32F1xx_HAL_Driver/Src/stm32f1xx_hal_gpio.o
 .comment       0x00000043       0x44 ./Drivers/STM32F1xx_HAL_Driver/Src/stm32f1xx_hal_rcc.o
 .comment       0x00000043       0x44 ./Drivers/STM32F1xx_HAL_Driver/Src/stm32f1xx_hal_spi.o

.debug_frame    0x00000000     0x1d6c
 .debug_frame   0x00000000       0xc4 ./Core/Src/main.o
 .debug_frame   0x000000c4       0xc8 ./Core/Src/stm32f1xx_hal_msp.o
 .debug_frame   0x0000018c      0x120 ./Core/Src/stm32f1xx_it.o
 .debug_frame   0x000002ac       0x58 ./Core/Src/system_stm32f1xx.o
 .debug_frame   0x00000304      0x12c ./Core/app/app.o
 .debug_frame   0x00000430      0x334 ./Drivers/STM32F1xx_HAL_Driver/Src/stm32f1xx_hal.o
 .debug_frame   0x00000764      0x5a0 ./Drivers/STM32F1xx_HAL_Driver/Src/stm32f1xx_hal_can.o
 .debug_frame   0x00000d04      0x428 ./Drivers/STM32F1xx_HAL_Driver/Src/stm32f1xx_hal_cortex.o
 .debug_frame   0x0000112c      0x14c ./Drivers/STM32F1xx_HAL_Driver/Src/stm32f1xx_hal_gpio.o
 .debug_frame   0x00001278      0x224 ./Drivers/STM32F1xx_HAL_Driver/Src/stm32f1xx_hal_rcc.o
 .debug_frame   0x0000149c      0x824 ./Drivers/STM32F1xx_HAL_Driver/Src/stm32f1xx_hal_spi.o
 .debug_frame   0x00001cc0       0x20 C:/ST/STM32CubeIDE_1.19.0/STM32CubeIDE/plugins/com.st.stm32cube.ide.mcu.externaltools.gnu-tools-for-stm32.13.3.rel1.win32_1.0.0.202411081344/tools/bin/../lib/gcc/arm-none-eabi/13.3.1/../../../../arm-none-eabi/lib/thumb/v7-m/nofp\libc_nano.a(libc_a-memset.o)
 .debug_frame   0x00001ce0       0x2c C:/ST/STM32CubeIDE_1.19.0/STM32CubeIDE/plugins/com.st.stm32cube.ide.mcu.externaltools.gnu-tools-for-stm32.13.3.rel1.win32_1.0.0.202411081344/tools/bin/../lib/gcc/arm-none-eabi/13.3.1/../../../../arm-none-eabi/lib/thumb/v7-m/nofp\libc_nano.a(libc_a-init.o)
 .debug_frame   0x00001d0c       0x2c C:/ST/STM32CubeIDE_1.19.0/STM32CubeIDE/plugins/com.st.stm32cube.ide.mcu.externaltools.gnu-tools-for-stm32.13.3.rel1.win32_1.0.0.202411081344/tools/bin/../lib/gcc/arm-none-eabi/13.3.1/thumb/v7-m/nofp\libgcc.a(_aeabi_uldivmod.o)
 .debug_frame   0x00001d38       0x34 C:/ST/STM32CubeIDE_1.19.0/STM32CubeIDE/plugins/com.st.stm32cube.ide.mcu.externaltools.gnu-tools-for-stm32.13.3.rel1.win32_1.0.0.202411081344/tools/bin/../lib/gcc/arm-none-eabi/13.3.1/thumb/v7-m/nofp\libgcc.a(_udivmoddi4.o)

.debug_line_str
                0x00000000       0x50
 .debug_line_str
                0x00000000       0x50 ./Core/Startup/startup_stm32f107vctx.o
